// Vitest Snapshot v1, https://vitest.dev/guide/snapshot.html

exports[`Checkout > should show the list of product ordered by the user in the cart 1`] = `
{
  "asFragment": [Function],
  "baseElement": <body>
    <div>
      <div
        data-testid="product-container"
      >
        <div>
          <img
            alt="Product: epikHead"
            src="src0"
          />
          <h3>
            epikHead
          </h3>
        </div>
        <p>
          56.99
          $
        </p>
        <p>
          1
        </p>
        <p>
          56.99
          $
        </p>
      </div>
      <div
        data-testid="product-container"
      >
        <div>
          <img
            alt="Product: keyboard"
            src="src1"
          />
          <h3>
            keyboard
          </h3>
        </div>
        <p>
          12
          $
        </p>
        <p>
          4
        </p>
        <p>
          48
          $
        </p>
      </div>
      <p>
        Overall total:
         
        104.99
      </p>
    </div>
  </body>,
  "container": <div>
    <div
      data-testid="product-container"
    >
      <div>
        <img
          alt="Product: epikHead"
          src="src0"
        />
        <h3>
          epikHead
        </h3>
      </div>
      <p>
        56.99
        $
      </p>
      <p>
        1
      </p>
      <p>
        56.99
        $
      </p>
    </div>
    <div
      data-testid="product-container"
    >
      <div>
        <img
          alt="Product: keyboard"
          src="src1"
        />
        <h3>
          keyboard
        </h3>
      </div>
      <p>
        12
        $
      </p>
      <p>
        4
      </p>
      <p>
        48
        $
      </p>
    </div>
    <p>
      Overall total:
       
      104.99
    </p>
  </div>,
  "debug": [Function],
  "findAllByAltText": [Function],
  "findAllByDisplayValue": [Function],
  "findAllByLabelText": [Function],
  "findAllByPlaceholderText": [Function],
  "findAllByRole": [Function],
  "findAllByTestId": [Function],
  "findAllByText": [Function],
  "findAllByTitle": [Function],
  "findByAltText": [Function],
  "findByDisplayValue": [Function],
  "findByLabelText": [Function],
  "findByPlaceholderText": [Function],
  "findByRole": [Function],
  "findByTestId": [Function],
  "findByText": [Function],
  "findByTitle": [Function],
  "getAllByAltText": [Function],
  "getAllByDisplayValue": [Function],
  "getAllByLabelText": [Function],
  "getAllByPlaceholderText": [Function],
  "getAllByRole": [Function],
  "getAllByTestId": [Function],
  "getAllByText": [Function],
  "getAllByTitle": [Function],
  "getByAltText": [Function],
  "getByDisplayValue": [Function],
  "getByLabelText": [Function],
  "getByPlaceholderText": [Function],
  "getByRole": [Function],
  "getByTestId": [Function],
  "getByText": [Function],
  "getByTitle": [Function],
  "queryAllByAltText": [Function],
  "queryAllByDisplayValue": [Function],
  "queryAllByLabelText": [Function],
  "queryAllByPlaceholderText": [Function],
  "queryAllByRole": [Function],
  "queryAllByTestId": [Function],
  "queryAllByText": [Function],
  "queryAllByTitle": [Function],
  "queryByAltText": [Function],
  "queryByDisplayValue": [Function],
  "queryByLabelText": [Function],
  "queryByPlaceholderText": [Function],
  "queryByRole": [Function],
  "queryByTestId": [Function],
  "queryByText": [Function],
  "queryByTitle": [Function],
  "rerender": [Function],
  "unmount": [Function],
}
`;
